2025-05-09 15:38:33,295 [DEBUG]  Available web server routes: 
/conversations/<conversation_id:path>/messages     POST                           add_message
/conversations/<conversation_id:path>/tracker/events POST                           append_events
/webhooks/rasa                                     GET                            custom_webhook_RasaChatInput.health
/webhooks/rasa/webhook                             POST                           custom_webhook_RasaChatInput.receive
/webhooks/rest                                     GET                            custom_webhook_RestInput.health
/webhooks/rest/webhook                             POST                           custom_webhook_RestInput.receive
/model/test/intents                                POST                           evaluate_intents
/model/test/stories                                POST                           evaluate_stories
/conversations/<conversation_id:path>/execute      POST                           execute_action
/domain                                            GET                            get_domain
/                                                  GET                            hello
/model                                             PUT                            load_model
/model/parse                                       POST                           parse
/conversations/<conversation_id:path>/predict      POST                           predict
/conversations/<conversation_id:path>/tracker/events PUT                            replace_events
/conversations/<conversation_id:path>/story        GET                            retrieve_story
/conversations/<conversation_id:path>/tracker      GET                            retrieve_tracker
/status                                            GET                            status
/model/predict                                     POST                           tracker_predict
/model/train                                       POST                           train
/conversations/<conversation_id:path>/trigger_intent POST                           trigger_intent
/model                                             DELETE                         unload_model
/version                                           GET                            version
2025-05-09 15:38:33,296 [INFO ]  Starting Rasa server on http://0.0.0.0:5005
2025-05-09 15:38:33,296 [DEBUG]  Using the default number of Sanic workers (1).
2025-05-09 15:38:33,387 [DEBUG]  Skipping telemetry reporting: no license hash found.
2025-05-09 15:38:33,416 [DEBUG]  Connected to InMemoryTrackerStore.
2025-05-09 15:38:33,417 [DEBUG]  Connected to lock store 'InMemoryLockStore'.
2025-05-09 15:38:33,417 [DEBUG]  Instantiated NLG to 'TemplatedNaturalLanguageGenerator'.
2025-05-09 15:38:33,417 [INFO ]  Loading model models/20250509-152509-thick-bleed.tar.gz...
2025-05-09 15:38:33,476 [DEBUG]  Extracted model to '/var/folders/bc/35g500l52kjdg_8qlgp6t_tc0000gn/T/tmps9unquzn'.
2025-05-09 15:38:33,478 [DEBUG]  Node 'nlu_message_converter' loading 'NLUMessageConverter.load' and kwargs: '{}'.
2025-05-09 15:38:33,478 [DEBUG]  Node 'run_WhitespaceTokenizer0' loading 'WhitespaceTokenizer.load' and kwargs: '{}'.
2025-05-09 15:38:33,479 [DEBUG]  Node 'run_RegexFeaturizer1' loading 'RegexFeaturizer.load' and kwargs: '{}'.
2025-05-09 15:38:33,479 [DEBUG]  Resource 'train_RegexFeaturizer1' was requested for reading.
2025-05-09 15:38:33,479 [DEBUG]  Node 'run_LexicalSyntacticFeaturizer2' loading 'LexicalSyntacticFeaturizer.load' and kwargs: '{}'.
2025-05-09 15:38:33,479 [DEBUG]  Resource 'train_LexicalSyntacticFeaturizer2' was requested for reading.
2025-05-09 15:38:33,479 [DEBUG]  Node 'run_CountVectorsFeaturizer3' loading 'CountVectorsFeaturizer.load' and kwargs: '{}'.
2025-05-09 15:38:33,479 [DEBUG]  Resource 'train_CountVectorsFeaturizer3' was requested for reading.
2025-05-09 15:38:33,480 [DEBUG]  Node 'run_LanguageModelFeaturizer4' loading 'LanguageModelFeaturizer.load' and kwargs: '{}'.
2025-05-09 15:38:34,103 [DEBUG]  Loading Tokenizer and Model for bert
2025-05-09 15:38:34,105 [DEBUG]  Starting new HTTPS connection (1): huggingface.co:443
2025-05-09 15:38:35,170 [DEBUG]  https://huggingface.co:443 "HEAD /bert-base-cased/resolve/main/tokenizer_config.json HTTP/1.1" 200 0
2025-05-09 15:38:35,369 [DEBUG]  https://huggingface.co:443 "HEAD /bert-base-cased/resolve/main/config.json HTTP/1.1" 200 0
2025-05-09 15:38:36,614 [DEBUG]  Node 'run_DIETClassifier5' loading 'DIETClassifier.load' and kwargs: '{}'.
2025-05-09 15:38:36,614 [DEBUG]  Resource 'train_DIETClassifier5' was requested for reading.
2025-05-09 15:38:36,615 [DEBUG]  Loading the model from /var/folders/bc/35g500l52kjdg_8qlgp6t_tc0000gn/T/tmpa3g6o6ab/train_DIETClassifier5/DIETClassifier.tf_model with finetune_mode=False...
2025-05-09 15:38:36,624 [DEBUG]  You specified 'DIET' to train entities, but no entities are present in the training data. Skipping training of entities.
2025-05-09 15:38:36,635 [DEBUG]  Following metrics will be logged during training: 
2025-05-09 15:38:36,635 [DEBUG]    t_loss (total loss)
2025-05-09 15:38:36,635 [DEBUG]    i_acc (intent acc)
2025-05-09 15:38:36,635 [DEBUG]    i_loss (intent loss)
2025-05-09 15:38:36,647 [WARNI]  At this time, the v2.11+ optimizer `tf.keras.optimizers.Adam` runs slowly on M1/M2 Macs, please use the legacy Keras optimizer instead, located at `tf.keras.optimizers.legacy.Adam`.
2025-05-09 15:38:36,648 [WARNI]  There is a known slowdown when using v2.11+ Keras optimizers on M1/M2 Macs. Falling back to the legacy Keras optimizer, i.e., `tf.keras.optimizers.legacy.Adam`.
2025-05-09 15:38:39,422 [DEBUG]  Finished loading the model.
2025-05-09 15:38:39,423 [DEBUG]  Node 'run_EntitySynonymMapper6' loading 'EntitySynonymMapper.load' and kwargs: '{}'.
2025-05-09 15:38:39,423 [DEBUG]  Resource 'train_EntitySynonymMapper6' was requested for reading.
2025-05-09 15:38:39,423 [DEBUG]  Failed to load ABCMeta from model storage. Resource 'train_EntitySynonymMapper6' doesn't exist.
2025-05-09 15:38:39,423 [DEBUG]  Node 'run_ResponseSelector7' loading 'ResponseSelector.load' and kwargs: '{}'.
2025-05-09 15:38:39,423 [DEBUG]  Resource 'train_ResponseSelector7' was requested for reading.
2025-05-09 15:38:39,423 [DEBUG]  Failed to load ABCMeta from model storage. Resource 'train_ResponseSelector7' doesn't exist.
2025-05-09 15:38:39,423 [DEBUG]  Resource 'train_ResponseSelector7' was requested for reading.
2025-05-09 15:38:39,423 [DEBUG]  Failed to load ResponseSelector from model storage. Resource 'train_ResponseSelector7' doesn't exist.
2025-05-09 15:38:39,423 [DEBUG]  Node 'run_RegexMessageHandler' loading 'RegexMessageHandler.load' and kwargs: '{}'.
2025-05-09 15:38:39,423 [DEBUG]  Node 'domain_provider' loading 'DomainProvider.load' and kwargs: '{}'.
2025-05-09 15:38:39,423 [DEBUG]  Resource 'domain_provider' was requested for reading.
2025-05-09 15:38:39,433 [DEBUG]  Node 'run_MemoizationPolicy0' loading 'MemoizationPolicy.load' and kwargs: '{}'.
2025-05-09 15:38:39,433 [DEBUG]  Resource 'train_MemoizationPolicy0' was requested for reading.
2025-05-09 15:38:39,434 [DEBUG]  Node 'run_RulePolicy1' loading 'RulePolicy.load' and kwargs: '{}'.
2025-05-09 15:38:39,434 [DEBUG]  Resource 'train_RulePolicy1' was requested for reading.
2025-05-09 15:38:39,434 [DEBUG]  Node 'run_TEDPolicy2' loading 'TEDPolicy.load' and kwargs: '{}'.
2025-05-09 15:38:39,434 [DEBUG]  Resource 'train_TEDPolicy2' was requested for reading.
2025-05-09 15:38:39,436 [DEBUG]  Loading the model from /var/folders/bc/35g500l52kjdg_8qlgp6t_tc0000gn/T/tmpa3g6o6ab/train_TEDPolicy2/ted_policy.tf_model with finetune_mode=False...
2025-05-09 15:38:39,463 [WARNI]  At this time, the v2.11+ optimizer `tf.keras.optimizers.Adam` runs slowly on M1/M2 Macs, please use the legacy Keras optimizer instead, located at `tf.keras.optimizers.legacy.Adam`.
2025-05-09 15:38:39,464 [WARNI]  There is a known slowdown when using v2.11+ Keras optimizers on M1/M2 Macs. Falling back to the legacy Keras optimizer, i.e., `tf.keras.optimizers.legacy.Adam`.
2025-05-09 15:38:43,000 [DEBUG]  Finished loading the model.
2025-05-09 15:38:43,000 [DEBUG]  Node 'rule_only_data_provider' loading 'RuleOnlyDataProvider.load' and kwargs: '{}'.
2025-05-09 15:38:43,000 [DEBUG]  Resource 'train_RulePolicy1' was requested for reading.
2025-05-09 15:38:43,000 [DEBUG]  Node 'select_prediction' loading 'DefaultPolicyPredictionEnsemble.load' and kwargs: '{}'.
2025-05-09 15:38:43,002 [INFO ]  Rasa server is up and running.
2025-05-09 15:38:43,003 [INFO ]  Enabling coroutine debugging. Loop id 11102394640.
2025-05-09 15:39:26,028 [DEBUG]  Issuing ticket for conversation 'PractikumStudent'.
2025-05-09 15:39:26,029 [DEBUG]  Acquiring lock for conversation 'PractikumStudent'.
2025-05-09 15:39:26,029 [DEBUG]  Acquired lock for conversation 'PractikumStudent'.
2025-05-09 15:39:26,029 [DEBUG]  Could not find tracker for conversation ID 'PractikumStudent'.
2025-05-09 15:39:26,029 [DEBUG]  No event broker configured. Skipping streaming events.
2025-05-09 15:39:26,029 [DEBUG]  Starting a new session for conversation ID 'PractikumStudent'.
2025-05-09 15:39:26,032 [DEBUG]  [[32m[1mdebug    [0m] [1mprocessor.actions.policy_prediction[0m [36mprediction_events[0m=[35m[][0m
2025-05-09 15:39:26,032 [DEBUG]  [[32m[1mdebug    [0m] [1mprocessor.actions.log         [0m [36maction_name[0m=[35maction_session_start[0m [36mrasa_events[0m=[35m[<rasa.shared.core.events.SessionStarted object at 0x2febb0ee0>, ActionExecuted(action: action_listen, policy: None, confidence: None)][0m
2025-05-09 15:39:26,032 [DEBUG]  [[32m[1mdebug    [0m] [1mprocessor.slots.log           [0m [36mslot_values[0m=[35m	topic: None
	session_started_metadata: None[0m
2025-05-09 15:39:26,033 [DEBUG]  Running graph with inputs: {'__message__': [<rasa.core.channels.channel.UserMessage object at 0x2fc9c4130>], '__tracker__': <rasa.shared.core.trackers.DialogueStateTracker object at 0x2f948daf0>}, targets: ['run_RegexMessageHandler'] and ExecutionContext(model_id='66cfd06389764e80996c1d5160482872', should_add_diagnostic_data=False, is_finetuning=False, node_name=None).
2025-05-09 15:39:26,033 [DEBUG]  Node 'nlu_message_converter' running 'NLUMessageConverter.convert_user_message'.
2025-05-09 15:39:26,034 [DEBUG]  Node 'run_WhitespaceTokenizer0' running 'WhitespaceTokenizer.process'.
2025-05-09 15:39:26,035 [DEBUG]  Node 'run_RegexFeaturizer1' running 'RegexFeaturizer.process'.
2025-05-09 15:39:26,036 [DEBUG]  Node 'run_LexicalSyntacticFeaturizer2' running 'LexicalSyntacticFeaturizer.process'.
2025-05-09 15:39:26,036 [DEBUG]  Node 'run_CountVectorsFeaturizer3' running 'CountVectorsFeaturizer.process'.
2025-05-09 15:39:26,038 [DEBUG]  Node 'run_LanguageModelFeaturizer4' running 'LanguageModelFeaturizer.process'.
2025-05-09 15:39:26,152 [DEBUG]  Node 'run_DIETClassifier5' running 'DIETClassifier.process'.
2025-05-09 15:39:26,214 [DEBUG]  Node 'run_EntitySynonymMapper6' running 'EntitySynonymMapper.process'.
2025-05-09 15:39:26,215 [DEBUG]  Node 'run_ResponseSelector7' running 'ResponseSelector.process'.
2025-05-09 15:39:26,215 [DEBUG]  There is no trained model for 'ResponseSelector': The component is either not trained or didn't receive enough training data.
2025-05-09 15:39:26,215 [DEBUG]  Adding following selector key to message property: default
2025-05-09 15:39:26,215 [DEBUG]  Node 'domain_provider' running 'DomainProvider.provide_inference'.
2025-05-09 15:39:26,215 [DEBUG]  Node 'run_RegexMessageHandler' running 'RegexMessageHandler.process'.
2025-05-09 15:39:26,215 [DEBUG]  [[32m[1mdebug    [0m] [1mprocessor.message.parse       [0m [36mparse_data_entities[0m=[35m[][0m [36mparse_data_intent[0m=[35m{'name': 'greet', 'confidence': 0.9779971241950989}[0m [36mparse_data_text[0m=[35mПривет[0m
2025-05-09 15:39:26,215 [DEBUG]  Logged UserUtterance - tracker now has 4 events.
2025-05-09 15:39:26,216 [DEBUG]  Validating extracted slots: topic
2025-05-09 15:39:26,216 [DEBUG]  [[32m[1mdebug    [0m] [1mprocessor.extract.slots       [0m [36maction_extract_slot[0m=[35maction_extract_slots[0m [36mlen_extraction_events[0m=[35m1[0m [36mrasa_events[0m=[35m[SlotSet(key: topic, value: Привет)][0m
2025-05-09 15:39:26,216 [DEBUG]  Running graph with inputs: {'__tracker__': <rasa.shared.core.trackers.DialogueStateTracker object at 0x2f948daf0>}, targets: ['select_prediction'] and ExecutionContext(model_id='66cfd06389764e80996c1d5160482872', should_add_diagnostic_data=False, is_finetuning=False, node_name=None).
2025-05-09 15:39:26,216 [DEBUG]  Node 'rule_only_data_provider' running 'RuleOnlyDataProvider.provide'.
2025-05-09 15:39:26,216 [DEBUG]  Node 'domain_provider' running 'DomainProvider.provide_inference'.
2025-05-09 15:39:26,216 [DEBUG]  Node 'run_MemoizationPolicy0' running 'MemoizationPolicy.predict_action_probabilities'.
2025-05-09 15:39:26,216 [DEBUG]  [[32m[1mdebug    [0m] [1mmemoization.predict.actions   [0m [36mtracker_states[0m=[35m[{}, {'user': {'intent': 'greet'}, 'prev_action': {'action_name': 'action_listen'}}][0m
2025-05-09 15:39:26,217 [DEBUG]  There is a memorised next action 'utter_greet'
2025-05-09 15:39:26,217 [DEBUG]  Node 'run_RulePolicy1' running 'RulePolicy.predict_action_probabilities'.
2025-05-09 15:39:26,217 [DEBUG]  [[32m[1mdebug    [0m] [1mrule_policy.actions.find      [0m [36mcurrent_states[0m=[35m
[state 1] user text: Привет | previous action name: action_listen[0m
2025-05-09 15:39:26,217 [DEBUG]  There is no applicable rule.
2025-05-09 15:39:26,217 [DEBUG]  [[32m[1mdebug    [0m] [1mrule_policy.actions.find      [0m [36mcurrent_states[0m=[35m
[state 1] user intent: greet | previous action name: action_listen[0m
2025-05-09 15:39:26,217 [DEBUG]  There is a rule for the next action 'utter_greet'.
2025-05-09 15:39:26,217 [DEBUG]  Node 'run_TEDPolicy2' running 'TEDPolicy.predict_action_probabilities'.
2025-05-09 15:39:26,219 [DEBUG]  TED predicted 'utter_greet' based on user intent.
2025-05-09 15:39:26,219 [DEBUG]  Node 'select_prediction' running 'DefaultPolicyPredictionEnsemble.combine_predictions_from_kwargs'.
2025-05-09 15:39:26,219 [DEBUG]  Made prediction using user intent.
2025-05-09 15:39:26,219 [DEBUG]  Added `DefinePrevUserUtteredFeaturization(False)` event.
2025-05-09 15:39:26,219 [DEBUG]  Predicted next action using RulePolicy.
2025-05-09 15:39:26,219 [DEBUG]  Predicted next action 'utter_greet' with confidence 1.00.
2025-05-09 15:39:26,221 [DEBUG]  [[32m[1mdebug    [0m] [1mprocessor.actions.policy_prediction[0m [36mprediction_events[0m=[35m[<rasa.shared.core.events.DefinePrevUserUtteredFeaturization object at 0x2fb5fe1f0>][0m
2025-05-09 15:39:26,221 [DEBUG]  [[32m[1mdebug    [0m] [1mprocessor.actions.log         [0m [36maction_name[0m=[35mutter_greet[0m [36mrasa_events[0m=[35m[BotUttered('Привет! Чем могу помочь в области архитектуры программного обеспечения?', {"elements": null, "quick_replies": null, "buttons": null, "attachment": null, "image": null, "custom": null}, {"utter_action": "utter_greet"}, 1746794366.22103)][0m
2025-05-09 15:39:26,221 [DEBUG]  Running graph with inputs: {'__tracker__': <rasa.shared.core.trackers.DialogueStateTracker object at 0x2f948daf0>}, targets: ['select_prediction'] and ExecutionContext(model_id='66cfd06389764e80996c1d5160482872', should_add_diagnostic_data=False, is_finetuning=False, node_name=None).
2025-05-09 15:39:26,221 [DEBUG]  Node 'rule_only_data_provider' running 'RuleOnlyDataProvider.provide'.
2025-05-09 15:39:26,221 [DEBUG]  Node 'domain_provider' running 'DomainProvider.provide_inference'.
2025-05-09 15:39:26,221 [DEBUG]  Node 'run_MemoizationPolicy0' running 'MemoizationPolicy.predict_action_probabilities'.
2025-05-09 15:39:26,221 [DEBUG]  [[32m[1mdebug    [0m] [1mmemoization.predict.actions   [0m [36mtracker_states[0m=[35m[{'user': {'intent': 'greet'}, 'prev_action': {'action_name': 'action_listen'}}, {'user': {'intent': 'greet'}, 'prev_action': {'action_name': 'utter_greet'}}][0m
2025-05-09 15:39:26,221 [DEBUG]  There is a memorised next action 'action_listen'
2025-05-09 15:39:26,221 [DEBUG]  Node 'run_RulePolicy1' running 'RulePolicy.predict_action_probabilities'.
2025-05-09 15:39:26,221 [DEBUG]  [[32m[1mdebug    [0m] [1mrule_policy.actions.find      [0m [36mcurrent_states[0m=[35m
[state 1] user intent: greet | previous action name: action_listen
[state 2] user intent: greet | previous action name: utter_greet[0m
2025-05-09 15:39:26,221 [DEBUG]  There is a rule for the next action 'action_listen'.
2025-05-09 15:39:26,222 [DEBUG]  Node 'run_TEDPolicy2' running 'TEDPolicy.predict_action_probabilities'.
2025-05-09 15:39:26,223 [DEBUG]  TED predicted 'action_listen' based on user intent.
2025-05-09 15:39:26,223 [DEBUG]  Node 'select_prediction' running 'DefaultPolicyPredictionEnsemble.combine_predictions_from_kwargs'.
2025-05-09 15:39:26,223 [DEBUG]  Predicted next action using RulePolicy.
2025-05-09 15:39:26,223 [DEBUG]  Predicted next action 'action_listen' with confidence 1.00.
2025-05-09 15:39:26,224 [DEBUG]  [[32m[1mdebug    [0m] [1mprocessor.actions.policy_prediction[0m [36mprediction_events[0m=[35m[][0m
2025-05-09 15:39:26,224 [DEBUG]  [[32m[1mdebug    [0m] [1mprocessor.actions.log         [0m [36maction_name[0m=[35maction_listen[0m [36mrasa_events[0m=[35m[][0m
2025-05-09 15:39:26,224 [DEBUG]  No event broker configured. Skipping streaming events.
2025-05-09 15:39:26,224 [DEBUG]  Deleted lock for conversation 'PractikumStudent'.
2025-05-09 15:39:34,560 [DEBUG]  Issuing ticket for conversation 'PractikumStudent'.
2025-05-09 15:39:34,560 [DEBUG]  Acquiring lock for conversation 'PractikumStudent'.
2025-05-09 15:39:34,561 [DEBUG]  Acquired lock for conversation 'PractikumStudent'.
2025-05-09 15:39:34,561 [DEBUG]  Recreating tracker for id 'PractikumStudent'
2025-05-09 15:39:34,563 [DEBUG]  Running graph with inputs: {'__message__': [<rasa.core.channels.channel.UserMessage object at 0x2f9474dc0>], '__tracker__': <rasa.shared.core.trackers.DialogueStateTracker object at 0x2f948daf0>}, targets: ['run_RegexMessageHandler'] and ExecutionContext(model_id='66cfd06389764e80996c1d5160482872', should_add_diagnostic_data=False, is_finetuning=False, node_name=None).
2025-05-09 15:39:34,563 [DEBUG]  Node 'nlu_message_converter' running 'NLUMessageConverter.convert_user_message'.
2025-05-09 15:39:34,563 [DEBUG]  Node 'run_WhitespaceTokenizer0' running 'WhitespaceTokenizer.process'.
2025-05-09 15:39:34,565 [DEBUG]  Node 'run_RegexFeaturizer1' running 'RegexFeaturizer.process'.
2025-05-09 15:39:34,565 [DEBUG]  Node 'run_LexicalSyntacticFeaturizer2' running 'LexicalSyntacticFeaturizer.process'.
2025-05-09 15:39:34,565 [DEBUG]  Node 'run_CountVectorsFeaturizer3' running 'CountVectorsFeaturizer.process'.
2025-05-09 15:39:34,566 [DEBUG]  Node 'run_LanguageModelFeaturizer4' running 'LanguageModelFeaturizer.process'.
2025-05-09 15:39:34,683 [DEBUG]  Node 'run_DIETClassifier5' running 'DIETClassifier.process'.
2025-05-09 15:39:34,685 [DEBUG]  Node 'run_EntitySynonymMapper6' running 'EntitySynonymMapper.process'.
2025-05-09 15:39:34,685 [DEBUG]  Node 'run_ResponseSelector7' running 'ResponseSelector.process'.
2025-05-09 15:39:34,685 [DEBUG]  There is no trained model for 'ResponseSelector': The component is either not trained or didn't receive enough training data.
2025-05-09 15:39:34,685 [DEBUG]  Adding following selector key to message property: default
2025-05-09 15:39:34,685 [DEBUG]  Node 'domain_provider' running 'DomainProvider.provide_inference'.
2025-05-09 15:39:34,685 [DEBUG]  Node 'run_RegexMessageHandler' running 'RegexMessageHandler.process'.
2025-05-09 15:39:34,685 [DEBUG]  [[32m[1mdebug    [0m] [1mprocessor.message.parse       [0m [36mparse_data_entities[0m=[35m[][0m [36mparse_data_intent[0m=[35m{'name': 'ask_architecture', 'confidence': 0.9885812401771545}[0m [36mparse_data_text[0m=[35mРасскажи про микросервисы[0m
2025-05-09 15:39:34,685 [DEBUG]  Logged UserUtterance - tracker now has 10 events.
2025-05-09 15:39:34,685 [DEBUG]  Validating extracted slots: topic
2025-05-09 15:39:34,686 [DEBUG]  [[32m[1mdebug    [0m] [1mprocessor.extract.slots       [0m [36maction_extract_slot[0m=[35maction_extract_slots[0m [36mlen_extraction_events[0m=[35m1[0m [36mrasa_events[0m=[35m[SlotSet(key: topic, value: Расскажи про микросервисы)][0m
2025-05-09 15:39:34,686 [DEBUG]  Running graph with inputs: {'__tracker__': <rasa.shared.core.trackers.DialogueStateTracker object at 0x2f948daf0>}, targets: ['select_prediction'] and ExecutionContext(model_id='66cfd06389764e80996c1d5160482872', should_add_diagnostic_data=False, is_finetuning=False, node_name=None).
2025-05-09 15:39:34,686 [DEBUG]  Node 'rule_only_data_provider' running 'RuleOnlyDataProvider.provide'.
2025-05-09 15:39:34,686 [DEBUG]  Node 'domain_provider' running 'DomainProvider.provide_inference'.
2025-05-09 15:39:34,686 [DEBUG]  Node 'run_MemoizationPolicy0' running 'MemoizationPolicy.predict_action_probabilities'.
2025-05-09 15:39:34,686 [DEBUG]  [[32m[1mdebug    [0m] [1mmemoization.predict.actions   [0m [36mtracker_states[0m=[35m[{'user': {'intent': 'greet'}, 'prev_action': {'action_name': 'utter_greet'}}, {'user': {'intent': 'ask_architecture'}, 'prev_action': {'action_name': 'action_listen'}}][0m
2025-05-09 15:39:34,686 [DEBUG]  There is a memorised next action 'utter_architecture_response'
2025-05-09 15:39:34,686 [DEBUG]  Node 'run_RulePolicy1' running 'RulePolicy.predict_action_probabilities'.
2025-05-09 15:39:34,686 [DEBUG]  [[32m[1mdebug    [0m] [1mrule_policy.actions.find      [0m [36mcurrent_states[0m=[35m
[state 1] user intent: greet | previous action name: action_listen
[state 2] user intent: greet | previous action name: utter_greet
[state 3] user text: Расскажи про микросервисы | previous action name: action_listen[0m
2025-05-09 15:39:34,686 [DEBUG]  There is no applicable rule.
2025-05-09 15:39:34,686 [DEBUG]  [[32m[1mdebug    [0m] [1mrule_policy.actions.find      [0m [36mcurrent_states[0m=[35m
[state 1] user intent: greet | previous action name: action_listen
[state 2] user intent: greet | previous action name: utter_greet
[state 3] user intent: ask_architecture | previous action name: action_listen[0m
2025-05-09 15:39:34,687 [DEBUG]  There is a rule for the next action 'utter_architecture_response'.
2025-05-09 15:39:34,687 [DEBUG]  Node 'run_TEDPolicy2' running 'TEDPolicy.predict_action_probabilities'.
2025-05-09 15:39:34,688 [DEBUG]  TED predicted 'utter_architecture_response' based on user intent.
2025-05-09 15:39:34,688 [DEBUG]  Node 'select_prediction' running 'DefaultPolicyPredictionEnsemble.combine_predictions_from_kwargs'.
2025-05-09 15:39:34,688 [DEBUG]  Made prediction using user intent.
2025-05-09 15:39:34,688 [DEBUG]  Added `DefinePrevUserUtteredFeaturization(False)` event.
2025-05-09 15:39:34,688 [DEBUG]  Predicted next action using RulePolicy.
2025-05-09 15:39:34,688 [DEBUG]  Predicted next action 'utter_architecture_response' with confidence 1.00.
2025-05-09 15:39:34,689 [DEBUG]  [[32m[1mdebug    [0m] [1mprocessor.actions.policy_prediction[0m [36mprediction_events[0m=[35m[<rasa.shared.core.events.DefinePrevUserUtteredFeaturization object at 0x2fb5fee80>][0m
2025-05-09 15:39:34,689 [DEBUG]  [[32m[1mdebug    [0m] [1mprocessor.actions.log         [0m [36maction_name[0m=[35mutter_architecture_response[0m [36mrasa_events[0m=[35m[BotUttered('Архитектура ПО включает выбор структур, которые обеспечивают масштабируемость, гибкость и поддерживаемость приложения. Задайте конкретный вопрос по этой теме, и я помогу вам с информацией.', {"elements": null, "quick_replies": null, "buttons": null, "attachment": null, "image": null, "custom": null}, {"utter_action": "utter_architecture_response"}, 1746794374.688981)][0m
2025-05-09 15:39:34,689 [DEBUG]  Running graph with inputs: {'__tracker__': <rasa.shared.core.trackers.DialogueStateTracker object at 0x2f948daf0>}, targets: ['select_prediction'] and ExecutionContext(model_id='66cfd06389764e80996c1d5160482872', should_add_diagnostic_data=False, is_finetuning=False, node_name=None).
2025-05-09 15:39:34,689 [DEBUG]  Node 'rule_only_data_provider' running 'RuleOnlyDataProvider.provide'.
2025-05-09 15:39:34,689 [DEBUG]  Node 'domain_provider' running 'DomainProvider.provide_inference'.
2025-05-09 15:39:34,689 [DEBUG]  Node 'run_MemoizationPolicy0' running 'MemoizationPolicy.predict_action_probabilities'.
2025-05-09 15:39:34,689 [DEBUG]  [[32m[1mdebug    [0m] [1mmemoization.predict.actions   [0m [36mtracker_states[0m=[35m[{'user': {'intent': 'ask_architecture'}, 'prev_action': {'action_name': 'action_listen'}}, {'user': {'intent': 'ask_architecture'}, 'prev_action': {'action_name': 'utter_architecture_response'}}][0m
2025-05-09 15:39:34,689 [DEBUG]  There is a memorised next action 'action_listen'
2025-05-09 15:39:34,689 [DEBUG]  Node 'run_RulePolicy1' running 'RulePolicy.predict_action_probabilities'.
2025-05-09 15:39:34,689 [DEBUG]  [[32m[1mdebug    [0m] [1mrule_policy.actions.find      [0m [36mcurrent_states[0m=[35m
[state 1] user intent: greet | previous action name: action_listen
[state 2] user intent: greet | previous action name: utter_greet
[state 3] user intent: ask_architecture | previous action name: action_listen
[state 4] user intent: ask_architecture | previous action name: utter_architecture_response[0m
2025-05-09 15:39:34,689 [DEBUG]  There is a rule for the next action 'action_listen'.
2025-05-09 15:39:34,689 [DEBUG]  Node 'run_TEDPolicy2' running 'TEDPolicy.predict_action_probabilities'.
2025-05-09 15:39:34,691 [DEBUG]  TED predicted 'action_listen' based on user intent.
2025-05-09 15:39:34,691 [DEBUG]  Node 'select_prediction' running 'DefaultPolicyPredictionEnsemble.combine_predictions_from_kwargs'.
2025-05-09 15:39:34,691 [DEBUG]  Predicted next action using RulePolicy.
2025-05-09 15:39:34,691 [DEBUG]  Predicted next action 'action_listen' with confidence 1.00.
2025-05-09 15:39:34,691 [DEBUG]  [[32m[1mdebug    [0m] [1mprocessor.actions.policy_prediction[0m [36mprediction_events[0m=[35m[][0m
2025-05-09 15:39:34,691 [DEBUG]  [[32m[1mdebug    [0m] [1mprocessor.actions.log         [0m [36maction_name[0m=[35maction_listen[0m [36mrasa_events[0m=[35m[][0m
2025-05-09 15:39:34,691 [DEBUG]  No event broker configured. Skipping streaming events.
2025-05-09 15:39:34,691 [DEBUG]  Deleted lock for conversation 'PractikumStudent'.
2025-05-09 15:39:38,478 [DEBUG]  Issuing ticket for conversation 'PractikumStudent'.
2025-05-09 15:39:38,478 [DEBUG]  Acquiring lock for conversation 'PractikumStudent'.
2025-05-09 15:39:38,478 [DEBUG]  Acquired lock for conversation 'PractikumStudent'.
2025-05-09 15:39:38,479 [DEBUG]  Recreating tracker for id 'PractikumStudent'
2025-05-09 15:39:38,481 [DEBUG]  Running graph with inputs: {'__message__': [<rasa.core.channels.channel.UserMessage object at 0x2f9474dc0>], '__tracker__': <rasa.shared.core.trackers.DialogueStateTracker object at 0x2f948daf0>}, targets: ['run_RegexMessageHandler'] and ExecutionContext(model_id='66cfd06389764e80996c1d5160482872', should_add_diagnostic_data=False, is_finetuning=False, node_name=None).
2025-05-09 15:39:38,482 [DEBUG]  Node 'nlu_message_converter' running 'NLUMessageConverter.convert_user_message'.
2025-05-09 15:39:38,482 [DEBUG]  Node 'run_WhitespaceTokenizer0' running 'WhitespaceTokenizer.process'.
2025-05-09 15:39:38,483 [DEBUG]  Node 'run_RegexFeaturizer1' running 'RegexFeaturizer.process'.
2025-05-09 15:39:38,483 [DEBUG]  Node 'run_LexicalSyntacticFeaturizer2' running 'LexicalSyntacticFeaturizer.process'.
2025-05-09 15:39:38,484 [DEBUG]  Node 'run_CountVectorsFeaturizer3' running 'CountVectorsFeaturizer.process'.
2025-05-09 15:39:38,485 [DEBUG]  Node 'run_LanguageModelFeaturizer4' running 'LanguageModelFeaturizer.process'.
2025-05-09 15:39:38,586 [DEBUG]  Node 'run_DIETClassifier5' running 'DIETClassifier.process'.
2025-05-09 15:39:38,588 [DEBUG]  Node 'run_EntitySynonymMapper6' running 'EntitySynonymMapper.process'.
2025-05-09 15:39:38,588 [DEBUG]  Node 'run_ResponseSelector7' running 'ResponseSelector.process'.
2025-05-09 15:39:38,588 [DEBUG]  There is no trained model for 'ResponseSelector': The component is either not trained or didn't receive enough training data.
2025-05-09 15:39:38,588 [DEBUG]  Adding following selector key to message property: default
2025-05-09 15:39:38,588 [DEBUG]  Node 'domain_provider' running 'DomainProvider.provide_inference'.
2025-05-09 15:39:38,588 [DEBUG]  Node 'run_RegexMessageHandler' running 'RegexMessageHandler.process'.
2025-05-09 15:39:38,588 [DEBUG]  [[32m[1mdebug    [0m] [1mprocessor.message.parse       [0m [36mparse_data_entities[0m=[35m[][0m [36mparse_data_intent[0m=[35m{'name': 'goodbye', 'confidence': 0.45718252658843994}[0m [36mparse_data_text[0m=[35mПока[0m
2025-05-09 15:39:38,588 [DEBUG]  Logged UserUtterance - tracker now has 16 events.
2025-05-09 15:39:38,588 [DEBUG]  Validating extracted slots: topic
2025-05-09 15:39:38,588 [DEBUG]  [[32m[1mdebug    [0m] [1mprocessor.extract.slots       [0m [36maction_extract_slot[0m=[35maction_extract_slots[0m [36mlen_extraction_events[0m=[35m1[0m [36mrasa_events[0m=[35m[SlotSet(key: topic, value: Пока)][0m
2025-05-09 15:39:38,588 [DEBUG]  Running graph with inputs: {'__tracker__': <rasa.shared.core.trackers.DialogueStateTracker object at 0x2f948daf0>}, targets: ['select_prediction'] and ExecutionContext(model_id='66cfd06389764e80996c1d5160482872', should_add_diagnostic_data=False, is_finetuning=False, node_name=None).
2025-05-09 15:39:38,589 [DEBUG]  Node 'rule_only_data_provider' running 'RuleOnlyDataProvider.provide'.
2025-05-09 15:39:38,589 [DEBUG]  Node 'domain_provider' running 'DomainProvider.provide_inference'.
2025-05-09 15:39:38,589 [DEBUG]  Node 'run_MemoizationPolicy0' running 'MemoizationPolicy.predict_action_probabilities'.
2025-05-09 15:39:38,589 [DEBUG]  [[32m[1mdebug    [0m] [1mmemoization.predict.actions   [0m [36mtracker_states[0m=[35m[{'user': {'intent': 'ask_architecture'}, 'prev_action': {'action_name': 'utter_architecture_response'}}, {'user': {'intent': 'goodbye'}, 'prev_action': {'action_name': 'action_listen'}}][0m
2025-05-09 15:39:38,589 [DEBUG]  There is no memorised next action
2025-05-09 15:39:38,589 [DEBUG]  Node 'run_RulePolicy1' running 'RulePolicy.predict_action_probabilities'.
2025-05-09 15:39:38,589 [DEBUG]  [[32m[1mdebug    [0m] [1mrule_policy.actions.find      [0m [36mcurrent_states[0m=[35m
[state 1] user intent: greet | previous action name: action_listen
[state 2] user intent: greet | previous action name: utter_greet
[state 3] user intent: ask_architecture | previous action name: action_listen
[state 4] user intent: ask_architecture | previous action name: utter_architecture_response
[state 5] user text: Пока | previous action name: action_listen[0m
2025-05-09 15:39:38,589 [DEBUG]  There is no applicable rule.
2025-05-09 15:39:38,589 [DEBUG]  [[32m[1mdebug    [0m] [1mrule_policy.actions.find      [0m [36mcurrent_states[0m=[35m
[state 1] user intent: greet | previous action name: action_listen
[state 2] user intent: greet | previous action name: utter_greet
[state 3] user intent: ask_architecture | previous action name: action_listen
[state 4] user intent: ask_architecture | previous action name: utter_architecture_response
[state 5] user intent: goodbye | previous action name: action_listen[0m
2025-05-09 15:39:38,589 [DEBUG]  There is a rule for the next action 'utter_goodbye'.
2025-05-09 15:39:38,589 [DEBUG]  Node 'run_TEDPolicy2' running 'TEDPolicy.predict_action_probabilities'.
2025-05-09 15:39:38,591 [DEBUG]  TED predicted 'utter_goodbye' based on user intent.
2025-05-09 15:39:38,591 [DEBUG]  Node 'select_prediction' running 'DefaultPolicyPredictionEnsemble.combine_predictions_from_kwargs'.
2025-05-09 15:39:38,591 [DEBUG]  Made prediction using user intent.
2025-05-09 15:39:38,591 [DEBUG]  Added `DefinePrevUserUtteredFeaturization(False)` event.
2025-05-09 15:39:38,591 [DEBUG]  Predicted next action using RulePolicy.
2025-05-09 15:39:38,591 [DEBUG]  Predicted next action 'utter_goodbye' with confidence 1.00.
2025-05-09 15:39:38,591 [DEBUG]  [[32m[1mdebug    [0m] [1mprocessor.actions.policy_prediction[0m [36mprediction_events[0m=[35m[<rasa.shared.core.events.DefinePrevUserUtteredFeaturization object at 0x2fe9f6940>][0m
2025-05-09 15:39:38,592 [DEBUG]  [[32m[1mdebug    [0m] [1mprocessor.actions.log         [0m [36maction_name[0m=[35mutter_goodbye[0m [36mrasa_events[0m=[35m[BotUttered('До свидания! Если появятся вопросы по архитектуре ПО, обращайтесь.', {"elements": null, "quick_replies": null, "buttons": null, "attachment": null, "image": null, "custom": null}, {"utter_action": "utter_goodbye"}, 1746794378.5918589)][0m
2025-05-09 15:39:38,592 [DEBUG]  Running graph with inputs: {'__tracker__': <rasa.shared.core.trackers.DialogueStateTracker object at 0x2f948daf0>}, targets: ['select_prediction'] and ExecutionContext(model_id='66cfd06389764e80996c1d5160482872', should_add_diagnostic_data=False, is_finetuning=False, node_name=None).
2025-05-09 15:39:38,592 [DEBUG]  Node 'rule_only_data_provider' running 'RuleOnlyDataProvider.provide'.
2025-05-09 15:39:38,592 [DEBUG]  Node 'domain_provider' running 'DomainProvider.provide_inference'.
2025-05-09 15:39:38,592 [DEBUG]  Node 'run_MemoizationPolicy0' running 'MemoizationPolicy.predict_action_probabilities'.
2025-05-09 15:39:38,592 [DEBUG]  [[32m[1mdebug    [0m] [1mmemoization.predict.actions   [0m [36mtracker_states[0m=[35m[{'user': {'intent': 'goodbye'}, 'prev_action': {'action_name': 'action_listen'}}, {'user': {'intent': 'goodbye'}, 'prev_action': {'action_name': 'utter_goodbye'}}][0m
2025-05-09 15:39:38,592 [DEBUG]  There is a memorised next action 'action_listen'
2025-05-09 15:39:38,592 [DEBUG]  Node 'run_RulePolicy1' running 'RulePolicy.predict_action_probabilities'.
2025-05-09 15:39:38,592 [DEBUG]  [[32m[1mdebug    [0m] [1mrule_policy.actions.find      [0m [36mcurrent_states[0m=[35m
[state 1] user intent: greet | previous action name: action_listen
[state 2] user intent: greet | previous action name: utter_greet
[state 3] user intent: ask_architecture | previous action name: action_listen
[state 4] user intent: ask_architecture | previous action name: utter_architecture_response
[state 5] user intent: goodbye | previous action name: action_listen
[state 6] user intent: goodbye | previous action name: utter_goodbye[0m
2025-05-09 15:39:38,592 [DEBUG]  There is a rule for the next action 'action_listen'.
2025-05-09 15:39:38,592 [DEBUG]  Node 'run_TEDPolicy2' running 'TEDPolicy.predict_action_probabilities'.
2025-05-09 15:39:38,594 [DEBUG]  TED predicted 'action_listen' based on user intent.
2025-05-09 15:39:38,594 [DEBUG]  Node 'select_prediction' running 'DefaultPolicyPredictionEnsemble.combine_predictions_from_kwargs'.
2025-05-09 15:39:38,594 [DEBUG]  Predicted next action using RulePolicy.
2025-05-09 15:39:38,594 [DEBUG]  Predicted next action 'action_listen' with confidence 1.00.
2025-05-09 15:39:38,594 [DEBUG]  [[32m[1mdebug    [0m] [1mprocessor.actions.policy_prediction[0m [36mprediction_events[0m=[35m[][0m
2025-05-09 15:39:38,594 [DEBUG]  [[32m[1mdebug    [0m] [1mprocessor.actions.log         [0m [36maction_name[0m=[35maction_listen[0m [36mrasa_events[0m=[35m[][0m
2025-05-09 15:39:38,594 [DEBUG]  No event broker configured. Skipping streaming events.
2025-05-09 15:39:38,594 [DEBUG]  Deleted lock for conversation 'PractikumStudent'.
